17:11:43 **** Build of configuration Debug for project gettingstarted ****
make all 
Building file: ../src/ece544_IP_Test.c
Invoking: MicroBlaze gcc compiler
mb-gcc -Wall -O0 -g3 -c -fmessage-length=0 -MT"src/ece544_IP_Test.o" -I../../standalone_bsp_0/microblaze_0/include -mlittle-endian -mcpu=v10.0 -mxl-soft-mul -Wl,--no-relax -ffunction-sections -fdata-sections -MMD -MP -MF"src/ece544_IP_Test.d" -MT"src/ece544_IP_Test.o" -o "src/ece544_IP_Test.o" "../src/ece544_IP_Test.c"
Finished building: ../src/ece544_IP_Test.c
 
Building file: ../src/platform.c
Invoking: MicroBlaze gcc compiler
mb-gcc -Wall -O0 -g3 -c -fmessage-length=0 -MT"src/platform.o" -I../../standalone_bsp_0/microblaze_0/include -mlittle-endian -mcpu=v10.0 -mxl-soft-mul -Wl,--no-relax -ffunction-sections -fdata-sections -MMD -MP -MF"src/platform.d" -MT"src/platform.o" -o "src/platform.o" "../src/platform.c"
Finished building: ../src/platform.c
 
Building target: gettingstarted.elf
Invoking: MicroBlaze gcc linker
mb-gcc -Wl,-T -Wl,../src/lscript.ld -L../../standalone_bsp_0/microblaze_0/lib -mlittle-endian -mcpu=v10.0 -mxl-soft-mul -Wl,--no-relax -Wl,--gc-sections -o "gettingstarted.elf"  ./src/ece544_IP_Test.o ./src/platform.o   -Wl,--start-group,-lxil,-lgcc,-lc,--end-group
Finished building target: gettingstarted.elf
 
Invoking: MicroBlaze Print Size
mb-size gettingstarted.elf  |tee "gettingstarted.elf.size"
   text	   data	    bss	    dec	    hex	filename
  27084	    384	   2708	  30176	   75e0	gettingstarted.elf
Finished building: gettingstarted.elf.size
 

17:11:52 Build Finished (took 9s.437ms)

